<?xml version="1.0"?>
<link_info>
   <banner>TMS320C6x Linker PC v7.4.16</banner>
   <copyright>Copyright (c) 1996-2015 Texas Instruments Incorporated</copyright>
   <link_time>0x59147df9</link_time>
   <output_file>final_project.out</output_file>
   <entry_point>
      <name>_c_int00</name>
      <address>0x11833960</address>
   </entry_point>
   <input_file_list>
      <input_file id="fl-2">
         <path>.\</path>
         <kind>object</kind>
         <file>COECSL_edma3.obj</file>
         <name>COECSL_edma3.obj</name>
      </input_file>
      <input_file id="fl-3">
         <path>.\</path>
         <kind>object</kind>
         <file>COECSL_mcbsp.obj</file>
         <name>COECSL_mcbsp.obj</name>
      </input_file>
      <input_file id="fl-4">
         <path>.\</path>
         <kind>object</kind>
         <file>ColorLCD.obj</file>
         <name>ColorLCD.obj</name>
      </input_file>
      <input_file id="fl-5">
         <path>.\</path>
         <kind>object</kind>
         <file>ColorVision.obj</file>
         <name>ColorVision.obj</name>
      </input_file>
      <input_file id="fl-6">
         <path>.\</path>
         <kind>object</kind>
         <file>LCDprintf.obj</file>
         <name>LCDprintf.obj</name>
      </input_file>
      <input_file id="fl-7">
         <path>.\</path>
         <kind>object</kind>
         <file>Ladar.obj</file>
         <name>Ladar.obj</name>
      </input_file>
      <input_file id="fl-8">
         <path>.\</path>
         <kind>object</kind>
         <file>MatrixMath.obj</file>
         <name>MatrixMath.obj</name>
      </input_file>
      <input_file id="fl-9">
         <path>.\</path>
         <kind>object</kind>
         <file>final_projectcfg.obj</file>
         <name>final_projectcfg.obj</name>
      </input_file>
      <input_file id="fl-a">
         <path>.\</path>
         <kind>object</kind>
         <file>final_projectcfg_c.obj</file>
         <name>final_projectcfg_c.obj</name>
      </input_file>
      <input_file id="fl-b">
         <path>.\</path>
         <kind>object</kind>
         <file>pQueue.obj</file>
         <name>pQueue.obj</name>
      </input_file>
      <input_file id="fl-c">
         <path>.\</path>
         <kind>object</kind>
         <file>pru.obj</file>
         <name>pru.obj</name>
      </input_file>
      <input_file id="fl-d">
         <path>.\</path>
         <kind>object</kind>
         <file>user_final_project.obj</file>
         <name>user_final_project.obj</name>
      </input_file>
      <input_file id="fl-e">
         <path>.\</path>
         <kind>object</kind>
         <file>user_xy.obj</file>
         <name>user_xy.obj</name>
      </input_file>
      <input_file id="fl-93">
         <path>C:\CCStudio_v6.1\bios_5_42_02_10\packages\ti\bios\lib\</path>
         <kind>archive</kind>
         <file>bios.a674</file>
         <name>biosdata.o674</name>
      </input_file>
      <input_file id="fl-94">
         <path>C:\CCStudio_v6.1\bios_5_42_02_10\packages\ti\bios\lib\</path>
         <kind>archive</kind>
         <file>bios.a674</file>
         <name>hwi_disp_asm.o674</name>
      </input_file>
      <input_file id="fl-95">
         <path>C:\CCStudio_v6.1\bios_5_42_02_10\packages\ti\bios\lib\</path>
         <kind>archive</kind>
         <file>bios.a674</file>
         <name>idl_stub.o674</name>
      </input_file>
      <input_file id="fl-96">
         <path>C:\CCStudio_v6.1\bios_5_42_02_10\packages\ti\bios\lib\</path>
         <kind>archive</kind>
         <file>lnkrtdx.a674</file>
         <name>rtdx.o674</name>
      </input_file>
      <input_file id="fl-97">
         <path>C:\CCStudio_v6.1\bios_5_42_02_10\packages\ti\bios\lib\</path>
         <kind>archive</kind>
         <file>bios.a674</file>
         <name>swi.o674</name>
      </input_file>
      <input_file id="fl-98">
         <path>C:\CCStudio_v6.1\bios_5_42_02_10\packages\ti\bios\lib\</path>
         <kind>archive</kind>
         <file>bios6748.a674</file>
         <name>bcache_init.o674</name>
      </input_file>
      <input_file id="fl-99">
         <path>C:\CCStudio_v6.1\bios_5_42_02_10\packages\ti\bios\lib\</path>
         <kind>archive</kind>
         <file>bios6748.a674</file>
         <name>clk_gethtime.o674</name>
      </input_file>
      <input_file id="fl-9a">
         <path>C:\CCStudio_v6.1\bios_5_42_02_10\packages\ti\bios\lib\</path>
         <kind>archive</kind>
         <file>bios.a674</file>
         <name>fxn_c.o674</name>
      </input_file>
      <input_file id="fl-9b">
         <path>C:\CCStudio_v6.1\bios_5_42_02_10\packages\ti\bios\lib\</path>
         <kind>archive</kind>
         <file>bios.a674</file>
         <name>knl_tick.o674</name>
      </input_file>
      <input_file id="fl-9c">
         <path>C:\CCStudio_v6.1\bios_5_42_02_10\packages\ti\bios\lib\</path>
         <kind>archive</kind>
         <file>bios.a674</file>
         <name>utl_doab.o674</name>
      </input_file>
      <input_file id="fl-9d">
         <path>C:\CCStudio_v6.1\bios_5_42_02_10\packages\ti\bios\lib\</path>
         <kind>archive</kind>
         <file>bios.a674</file>
         <name>utl_doer.o674</name>
      </input_file>
      <input_file id="fl-9e">
         <path>C:\CCStudio_v6.1\bios_5_42_02_10\packages\ti\bios\lib\</path>
         <kind>archive</kind>
         <file>bios.a674</file>
         <name>utl_putc.o674</name>
      </input_file>
      <input_file id="fl-9f">
         <path>C:\CCStudio_v6.1\bios_5_42_02_10\packages\ti\bios\lib\</path>
         <kind>archive</kind>
         <file>bios.a674</file>
         <name>utl_halt.o674</name>
      </input_file>
      <input_file id="fl-a0">
         <path>C:\CCStudio_v6.1\bios_5_42_02_10\packages\ti\bios\lib\</path>
         <kind>archive</kind>
         <file>bios6748.a674</file>
         <name>clk.o674</name>
      </input_file>
      <input_file id="fl-a1">
         <path>C:\CCStudio_v6.1\bios_5_42_02_10\packages\ti\bios\lib\</path>
         <kind>archive</kind>
         <file>bios.a674</file>
         <name>fxn.o674</name>
      </input_file>
      <input_file id="fl-a2">
         <path>C:\CCStudio_v6.1\bios_5_42_02_10\packages\ti\bios\lib\</path>
         <kind>archive</kind>
         <file>bios.a674</file>
         <name>boot.o674</name>
      </input_file>
      <input_file id="fl-a3">
         <path>C:\CCStudio_v6.1\bios_5_42_02_10\packages\ti\bios\lib\</path>
         <kind>archive</kind>
         <file>bios.a674</file>
         <name>trc.o674</name>
      </input_file>
      <input_file id="fl-a4">
         <path>C:\CCStudio_v6.1\bios_5_42_02_10\packages\ti\bios\lib\</path>
         <kind>archive</kind>
         <file>bios.a674</file>
         <name>hwi.o674</name>
      </input_file>
      <input_file id="fl-a5">
         <path>C:\CCStudio_v6.1\bios_5_42_02_10\packages\ti\bios\lib\</path>
         <kind>archive</kind>
         <file>bios.a674</file>
         <name>idl_busy.o674</name>
      </input_file>
      <input_file id="fl-a6">
         <path>C:\CCStudio_v6.1\bios_5_42_02_10\packages\ti\bios\lib\</path>
         <kind>archive</kind>
         <file>bios6748.a674</file>
         <name>idl_cal.o674</name>
      </input_file>
      <input_file id="fl-a7">
         <path>C:\CCStudio_v6.1\bios_5_42_02_10\packages\ti\bios\lib\</path>
         <kind>archive</kind>
         <file>bios.a674</file>
         <name>idl.o674</name>
      </input_file>
      <input_file id="fl-a8">
         <path>C:\CCStudio_v6.1\bios_5_42_02_10\packages\ti\bios\lib\</path>
         <kind>archive</kind>
         <file>bios.a674</file>
         <name>knl_swit.o674</name>
      </input_file>
      <input_file id="fl-a9">
         <path>C:\CCStudio_v6.1\bios_5_42_02_10\packages\ti\bios\lib\</path>
         <kind>archive</kind>
         <file>bios.a674</file>
         <name>log.o674</name>
      </input_file>
      <input_file id="fl-aa">
         <path>C:\CCStudio_v6.1\bios_5_42_02_10\packages\ti\bios\lib\</path>
         <kind>archive</kind>
         <file>bios.a674</file>
         <name>pip.o674</name>
      </input_file>
      <input_file id="fl-ab">
         <path>C:\CCStudio_v6.1\bios_5_42_02_10\packages\ti\bios\lib\</path>
         <kind>archive</kind>
         <file>bios.a674</file>
         <name>prd.o674</name>
      </input_file>
      <input_file id="fl-ac">
         <path>C:\CCStudio_v6.1\bios_5_42_02_10\packages\ti\bios\lib\</path>
         <kind>archive</kind>
         <file>bios.a674</file>
         <name>rta.o674</name>
      </input_file>
      <input_file id="fl-ad">
         <path>C:\CCStudio_v6.1\bios_5_42_02_10\packages\ti\bios\lib\</path>
         <kind>archive</kind>
         <file>bios.a674</file>
         <name>rta_andn.o674</name>
      </input_file>
      <input_file id="fl-ae">
         <path>C:\CCStudio_v6.1\bios_5_42_02_10\packages\ti\bios\lib\</path>
         <kind>archive</kind>
         <file>bios.a674</file>
         <name>sts.o674</name>
      </input_file>
      <input_file id="fl-af">
         <path>C:\CCStudio_v6.1\bios_5_42_02_10\packages\ti\bios\lib\</path>
         <kind>archive</kind>
         <file>bios6748.a674</file>
         <name>bcache_block.o674</name>
      </input_file>
      <input_file id="fl-b0">
         <path>C:\CCStudio_v6.1\bios_5_42_02_10\packages\ti\bios\lib\</path>
         <kind>archive</kind>
         <file>bios6748.a674</file>
         <name>bcache_wait.o674</name>
      </input_file>
      <input_file id="fl-b1">
         <path>C:\CCStudio_v6.1\bios_5_42_02_10\packages\ti\bios\lib\</path>
         <kind>archive</kind>
         <file>bios.a674</file>
         <name>clk_data.o674</name>
      </input_file>
      <input_file id="fl-b2">
         <path>C:\CCStudio_v6.1\bios_5_42_02_10\packages\ti\bios\lib\</path>
         <kind>archive</kind>
         <file>bios.a674</file>
         <name>clk_getltime.o674</name>
      </input_file>
      <input_file id="fl-b3">
         <path>C:\CCStudio_v6.1\bios_5_42_02_10\packages\ti\bios\lib\</path>
         <kind>archive</kind>
         <file>bios.a674</file>
         <name>clk_data2.o674</name>
      </input_file>
      <input_file id="fl-b4">
         <path>C:\CCStudio_v6.1\bios_5_42_02_10\packages\ti\bios\lib\</path>
         <kind>archive</kind>
         <file>bios6748.a674</file>
         <name>clk_data.o674</name>
      </input_file>
      <input_file id="fl-b5">
         <path>C:\CCStudio_v6.1\bios_5_42_02_10\packages\ti\bios\lib\</path>
         <kind>archive</kind>
         <file>bios6748.a674</file>
         <name>clk_meas.o674</name>
      </input_file>
      <input_file id="fl-b6">
         <path>C:\wcjones3_jclee14\_shared\bsl\lib\</path>
         <kind>archive</kind>
         <file>evmomapl138_bsl.lib</file>
         <name>evmomapl138.obj</name>
      </input_file>
      <input_file id="fl-b7">
         <path>C:\CCStudio_v6.1\bios_5_42_02_10\packages\ti\bios\lib\</path>
         <kind>archive</kind>
         <file>bios.a674</file>
         <name>exc_asm.o674</name>
      </input_file>
      <input_file id="fl-b8">
         <path>C:\CCStudio_v6.1\bios_5_42_02_10\packages\ti\bios\lib\</path>
         <kind>archive</kind>
         <file>bios.a674</file>
         <name>exc.o674</name>
      </input_file>
      <input_file id="fl-b9">
         <path>C:\CCStudio_v6.1\bios_5_42_02_10\packages\ti\bios\lib\</path>
         <kind>archive</kind>
         <file>bios.a674</file>
         <name>gbl_cacheinit64P.o674</name>
      </input_file>
      <input_file id="fl-ba">
         <path>C:\CCStudio_v6.1\bios_5_42_02_10\packages\ti\bios\lib\</path>
         <kind>archive</kind>
         <file>bios.a674</file>
         <name>gbl_vers.o674</name>
      </input_file>
      <input_file id="fl-bb">
         <path>C:\wcjones3_jclee14\_shared\bsl\lib\</path>
         <kind>archive</kind>
         <file>evmomapl138_bsl.lib</file>
         <name>evmomapl138_gpio.obj</name>
      </input_file>
      <input_file id="fl-bc">
         <path>C:\CCStudio_v6.1\bios_5_42_02_10\packages\ti\rtdx\lib\c6000\</path>
         <kind>archive</kind>
         <file>rtdx64xplus.lib</file>
         <name>rtdx_mon.o64P</name>
      </input_file>
      <input_file id="fl-bd">
         <path>C:\CCStudio_v6.1\bios_5_42_02_10\packages\ti\bios\lib\</path>
         <kind>archive</kind>
         <file>bios.a674</file>
         <name>hwi_c.o674</name>
      </input_file>
      <input_file id="fl-be">
         <path>C:\wcjones3_jclee14\_shared\bsl\lib\</path>
         <kind>archive</kind>
         <file>evmomapl138_bsl.lib</file>
         <name>evmomapl138_i2c_gpio.obj</name>
      </input_file>
      <input_file id="fl-bf">
         <path>C:\wcjones3_jclee14\_shared\bsl\lib\</path>
         <kind>archive</kind>
         <file>evmomapl138_bsl.lib</file>
         <name>evmomapl138_i2c.obj</name>
      </input_file>
      <input_file id="fl-c0">
         <path>C:\CCStudio_v6.1\bios_5_42_02_10\packages\ti\bios\lib\</path>
         <kind>archive</kind>
         <file>bios.a674</file>
         <name>knl.o674</name>
      </input_file>
      <input_file id="fl-c1">
         <path>C:\CCStudio_v6.1\bios_5_42_02_10\packages\ti\bios\lib\</path>
         <kind>archive</kind>
         <file>bios.a674</file>
         <name>knl_exit.o674</name>
      </input_file>
      <input_file id="fl-c2">
         <path>C:\CCStudio_v6.1\bios_5_42_02_10\packages\ti\bios\lib\</path>
         <kind>archive</kind>
         <file>bios.a674</file>
         <name>knl_chec.o674</name>
      </input_file>
      <input_file id="fl-c3">
         <path>C:\CCStudio_v6.1\bios_5_42_02_10\packages\ti\bios\lib\</path>
         <kind>archive</kind>
         <file>bios.a674</file>
         <name>knl_post.o674</name>
      </input_file>
      <input_file id="fl-c4">
         <path>C:\CCStudio_v6.1\bios_5_42_02_10\packages\ti\bios\lib\</path>
         <kind>archive</kind>
         <file>bios.a674</file>
         <name>knl_ipos.o674</name>
      </input_file>
      <input_file id="fl-c5">
         <path>C:\CCStudio_v6.1\bios_5_42_02_10\packages\ti\bios\lib\</path>
         <kind>archive</kind>
         <file>bios.a674</file>
         <name>knl_run.o674</name>
      </input_file>
      <input_file id="fl-c6">
         <path>C:\CCStudio_v6.1\bios_5_42_02_10\packages\ti\bios\lib\</path>
         <kind>archive</kind>
         <file>bios.a674</file>
         <name>mem_asm.o674</name>
      </input_file>
      <input_file id="fl-c7">
         <path>C:\CCStudio_v6.1\bios_5_42_02_10\packages\ti\bios\lib\</path>
         <kind>archive</kind>
         <file>bios.a674</file>
         <name>mem_init.o674</name>
      </input_file>
      <input_file id="fl-c8">
         <path>C:\CCStudio_v6.1\bios_5_42_02_10\packages\ti\bios\lib\</path>
         <kind>archive</kind>
         <file>bios.a674</file>
         <name>obj_init.o674</name>
      </input_file>
      <input_file id="fl-c9">
         <path>C:\CCStudio_v6.1\bios_5_42_02_10\packages\ti\rtdx\lib\c6000\</path>
         <kind>archive</kind>
         <file>rtdx64xplus.lib</file>
         <name>buffer2.o64P</name>
      </input_file>
      <input_file id="fl-ca">
         <path>C:\CCStudio_v6.1\bios_5_42_02_10\packages\ti\rtdx\lib\c6000\</path>
         <kind>archive</kind>
         <file>rtdx64xplus.lib</file>
         <name>buffer1.o64P</name>
      </input_file>
      <input_file id="fl-cb">
         <path>C:\CCStudio_v6.1\bios_5_42_02_10\packages\ti\rtdx\lib\c6000\</path>
         <kind>archive</kind>
         <file>rtdx64xplus.lib</file>
         <name>intr_tgt.o64P</name>
      </input_file>
      <input_file id="fl-cc">
         <path>C:\CCStudio_v6.1\bios_5_42_02_10\packages\ti\rtdx\lib\c6000\</path>
         <kind>archive</kind>
         <file>rtdx64xplus.lib</file>
         <name>memfill.o64P</name>
      </input_file>
      <input_file id="fl-cd">
         <path>C:\CCStudio_v6.1\bios_5_42_02_10\packages\ti\bios\lib\</path>
         <kind>archive</kind>
         <file>bios.a674</file>
         <name>sem_pend_counting.o674</name>
      </input_file>
      <input_file id="fl-ce">
         <path>C:\CCStudio_v6.1\bios_5_42_02_10\packages\ti\bios\lib\</path>
         <kind>archive</kind>
         <file>bios.a674</file>
         <name>sem_pend.o674</name>
      </input_file>
      <input_file id="fl-cf">
         <path>C:\CCStudio_v6.1\bios_5_42_02_10\packages\ti\bios\lib\</path>
         <kind>archive</kind>
         <file>bios.a674</file>
         <name>sem_post_asm.o674</name>
      </input_file>
      <input_file id="fl-d0">
         <path>C:\CCStudio_v6.1\bios_5_42_02_10\packages\ti\bios\lib\</path>
         <kind>archive</kind>
         <file>bios.a674</file>
         <name>sem_post.o674</name>
      </input_file>
      <input_file id="fl-d1">
         <path>C:\wcjones3_jclee14\_shared\bsl\lib\</path>
         <kind>archive</kind>
         <file>evmomapl138_bsl.lib</file>
         <name>evmomapl138_spi.obj</name>
      </input_file>
      <input_file id="fl-d2">
         <path>C:\CCStudio_v6.1\bios_5_42_02_10\packages\ti\bios\lib\</path>
         <kind>archive</kind>
         <file>bios.a674</file>
         <name>sts_set.o674</name>
      </input_file>
      <input_file id="fl-d3">
         <path>C:\CCStudio_v6.1\bios_5_42_02_10\packages\ti\bios\lib\</path>
         <kind>archive</kind>
         <file>bios.a674</file>
         <name>sys_abor.o674</name>
      </input_file>
      <input_file id="fl-d4">
         <path>C:\CCStudio_v6.1\bios_5_42_02_10\packages\ti\bios\lib\</path>
         <kind>archive</kind>
         <file>bios.a674</file>
         <name>tsk.o674</name>
      </input_file>
      <input_file id="fl-d5">
         <path>C:\CCStudio_v6.1\bios_5_42_02_10\packages\ti\bios\lib\</path>
         <kind>archive</kind>
         <file>bios.a674</file>
         <name>tsk_exit.o674</name>
      </input_file>
      <input_file id="fl-d6">
         <path>C:\CCStudio_v6.1\bios_5_42_02_10\packages\ti\bios\lib\</path>
         <kind>archive</kind>
         <file>bios.a674</file>
         <name>sys_exit.o674</name>
      </input_file>
      <input_file id="fl-d7">
         <path>C:\CCStudio_v6.1\bios_5_42_02_10\packages\ti\bios\lib\</path>
         <kind>archive</kind>
         <file>bios.a674</file>
         <name>sys.o674</name>
      </input_file>
      <input_file id="fl-d8">
         <path>C:\CCStudio_v6.1\bios_5_42_02_10\packages\ti\bios\lib\</path>
         <kind>archive</kind>
         <file>bios.a674</file>
         <name>tsk_init.o674</name>
      </input_file>
      <input_file id="fl-d9">
         <path>C:\CCStudio_v6.1\bios_5_42_02_10\packages\ti\bios\lib\</path>
         <kind>archive</kind>
         <file>bios.a674</file>
         <name>tsk_setu.o674</name>
      </input_file>
      <input_file id="fl-da">
         <path>C:\CCStudio_v6.1\bios_5_42_02_10\packages\ti\bios\lib\</path>
         <kind>archive</kind>
         <file>bios.a674</file>
         <name>tsk_stup.o674</name>
      </input_file>
      <input_file id="fl-db">
         <path>C:\CCStudio_v6.1\bios_5_42_02_10\packages\ti\bios\lib\</path>
         <kind>archive</kind>
         <file>bios.a674</file>
         <name>lck.o674</name>
      </input_file>
      <input_file id="fl-dc">
         <path>C:\wcjones3_jclee14\_shared\bsl\lib\</path>
         <kind>archive</kind>
         <file>evmomapl138_bsl.lib</file>
         <name>evmomapl138_uart.obj</name>
      </input_file>
      <input_file id="fl-dd">
         <path>C:\wcjones3_jclee14\_shared\bsl\lib\</path>
         <kind>archive</kind>
         <file>evmomapl138_bsl.lib</file>
         <name>evmomapl138_timer.obj</name>
      </input_file>
      <input_file id="fl-de">
         <path>C:\wcjones3_jclee14\_shared\bsl\lib\</path>
         <kind>archive</kind>
         <file>evmomapl138_bsl.lib</file>
         <name>evmomapl138_vpif.obj</name>
      </input_file>
      <input_file id="fl-df">
         <path>C:\CCStudio_v6.1\bios_5_42_02_10\packages\ti\bios\lib\</path>
         <kind>archive</kind>
         <file>bios.a674</file>
         <name>sem_dopo.o674</name>
      </input_file>
      <input_file id="fl-e0">
         <path>C:\CCStudio_v6.1\bios_5_42_02_10\packages\ti\bios\lib\</path>
         <kind>archive</kind>
         <file>bios.a674</file>
         <name>autoinit.o674</name>
      </input_file>
      <input_file id="fl-e1">
         <path>C:\wcjones3_jclee14\_shared\c67xmathlib_2_01_00_00\lib\</path>
         <kind>archive</kind>
         <file>c674xfastMath.lib</file>
         <name>divdp.obj</name>
      </input_file>
      <input_file id="fl-e2">
         <path>C:\wcjones3_jclee14\_shared\c67xmathlib_2_01_00_00\lib\</path>
         <kind>archive</kind>
         <file>c674xfastMath.lib</file>
         <name>divsp.obj</name>
      </input_file>
      <input_file id="fl-e3">
         <path>C:\CCStudio_v6.1\ccsv6\tools\compiler\c6000_7.4.16\lib\</path>
         <kind>archive</kind>
         <file>rts6740.lib</file>
         <name>divi.obj</name>
      </input_file>
      <input_file id="fl-e4">
         <path>C:\CCStudio_v6.1\ccsv6\tools\compiler\c6000_7.4.16\lib\</path>
         <kind>archive</kind>
         <file>rts6740.lib</file>
         <name>divu.obj</name>
      </input_file>
      <input_file id="fl-e5">
         <path>C:\CCStudio_v6.1\ccsv6\tools\compiler\c6000_7.4.16\lib\</path>
         <kind>archive</kind>
         <file>rts6740.lib</file>
         <name>_lock.obj</name>
      </input_file>
      <input_file id="fl-e6">
         <path>C:\CCStudio_v6.1\ccsv6\tools\compiler\c6000_7.4.16\lib\</path>
         <kind>archive</kind>
         <file>rts6740.lib</file>
         <name>imath40.obj</name>
      </input_file>
      <input_file id="fl-e7">
         <path>C:\CCStudio_v6.1\ccsv6\tools\compiler\c6000_7.4.16\lib\</path>
         <kind>archive</kind>
         <file>rts6740.lib</file>
         <name>roundf.obj</name>
      </input_file>
      <input_file id="fl-e8">
         <path>C:\CCStudio_v6.1\ccsv6\tools\compiler\c6000_7.4.16\lib\</path>
         <kind>archive</kind>
         <file>rts6740.lib</file>
         <name>strasg.obj</name>
      </input_file>
      <input_file id="fl-e9">
         <path>C:\wcjones3_jclee14\_shared\c67xmathlib_2_01_00_00\lib\</path>
         <kind>archive</kind>
         <file>c674xfastMath.lib</file>
         <name>atan2sp.obj</name>
      </input_file>
      <input_file id="fl-ea">
         <path>C:\CCStudio_v6.1\ccsv6\tools\compiler\c6000_7.4.16\lib\</path>
         <kind>archive</kind>
         <file>rts6740.lib</file>
         <name>atexit.obj</name>
      </input_file>
      <input_file id="fl-eb">
         <path>C:\CCStudio_v6.1\ccsv6\tools\compiler\c6000_7.4.16\lib\</path>
         <kind>archive</kind>
         <file>rts6740.lib</file>
         <name>sinit.obj</name>
      </input_file>
      <input_file id="fl-ec">
         <path>C:\CCStudio_v6.1\ccsv6\tools\compiler\c6000_7.4.16\lib\</path>
         <kind>archive</kind>
         <file>rts6740.lib</file>
         <name>exit.obj</name>
      </input_file>
      <input_file id="fl-ed">
         <path>C:\CCStudio_v6.1\ccsv6\tools\compiler\c6000_7.4.16\lib\</path>
         <kind>archive</kind>
         <file>rts6740.lib</file>
         <name>atoi.obj</name>
      </input_file>
      <input_file id="fl-ee">
         <path>C:\CCStudio_v6.1\ccsv6\tools\compiler\c6000_7.4.16\lib\</path>
         <kind>archive</kind>
         <file>rts6740.lib</file>
         <name>ctype.obj</name>
      </input_file>
      <input_file id="fl-ef">
         <path>C:\wcjones3_jclee14\_shared\c67xmathlib_2_01_00_00\lib\</path>
         <kind>archive</kind>
         <file>c674xfastMath.lib</file>
         <name>cosdp.obj</name>
      </input_file>
      <input_file id="fl-f0">
         <path>C:\wcjones3_jclee14\_shared\c67xmathlib_2_01_00_00\lib\</path>
         <kind>archive</kind>
         <file>c674xfastMath.lib</file>
         <name>cossp.obj</name>
      </input_file>
      <input_file id="fl-f1">
         <path>C:\CCStudio_v6.1\ccsv6\tools\compiler\c6000_7.4.16\lib\</path>
         <kind>archive</kind>
         <file>rts6740.lib</file>
         <name>errno.obj</name>
      </input_file>
      <input_file id="fl-f2">
         <path>C:\CCStudio_v6.1\ccsv6\tools\compiler\c6000_7.4.16\lib\</path>
         <kind>archive</kind>
         <file>rts6740.lib</file>
         <name>fmodf.obj</name>
      </input_file>
      <input_file id="fl-f3">
         <path>C:\CCStudio_v6.1\ccsv6\tools\compiler\c6000_7.4.16\lib\</path>
         <kind>archive</kind>
         <file>rts6740.lib</file>
         <name>truncf.obj</name>
      </input_file>
      <input_file id="fl-f4">
         <path>C:\CCStudio_v6.1\ccsv6\tools\compiler\c6000_7.4.16\lib\</path>
         <kind>archive</kind>
         <file>rts6740.lib</file>
         <name>frexpf.obj</name>
      </input_file>
      <input_file id="fl-f5">
         <path>C:\CCStudio_v6.1\ccsv6\tools\compiler\c6000_7.4.16\lib\</path>
         <kind>archive</kind>
         <file>rts6740.lib</file>
         <name>ldexpf.obj</name>
      </input_file>
      <input_file id="fl-f6">
         <path>C:\CCStudio_v6.1\ccsv6\tools\compiler\c6000_7.4.16\lib\</path>
         <kind>archive</kind>
         <file>rts6740.lib</file>
         <name>memcpy64.obj</name>
      </input_file>
      <input_file id="fl-f7">
         <path>C:\CCStudio_v6.1\ccsv6\tools\compiler\c6000_7.4.16\lib\</path>
         <kind>archive</kind>
         <file>rts6740.lib</file>
         <name>memset.obj</name>
      </input_file>
      <input_file id="fl-f8">
         <path>C:\CCStudio_v6.1\ccsv6\tools\compiler\c6000_7.4.16\lib\</path>
         <kind>archive</kind>
         <file>rts6740.lib</file>
         <name>modff.obj</name>
      </input_file>
      <input_file id="fl-f9">
         <path>C:\CCStudio_v6.1\ccsv6\tools\compiler\c6000_7.4.16\lib\</path>
         <kind>archive</kind>
         <file>rts6740.lib</file>
         <name>printf.obj</name>
      </input_file>
      <input_file id="fl-fa">
         <path>C:\CCStudio_v6.1\ccsv6\tools\compiler\c6000_7.4.16\lib\</path>
         <kind>archive</kind>
         <file>rts6740.lib</file>
         <name>defs.obj</name>
      </input_file>
      <input_file id="fl-fb">
         <path>C:\CCStudio_v6.1\ccsv6\tools\compiler\c6000_7.4.16\lib\</path>
         <kind>archive</kind>
         <file>rts6740.lib</file>
         <name>_printfi.obj</name>
      </input_file>
      <input_file id="fl-fc">
         <path>C:\CCStudio_v6.1\ccsv6\tools\compiler\c6000_7.4.16\lib\</path>
         <kind>archive</kind>
         <file>rts6740.lib</file>
         <name>isinf.obj</name>
      </input_file>
      <input_file id="fl-fd">
         <path>C:\CCStudio_v6.1\ccsv6\tools\compiler\c6000_7.4.16\lib\</path>
         <kind>archive</kind>
         <file>rts6740.lib</file>
         <name>imath64.obj</name>
      </input_file>
      <input_file id="fl-fe">
         <path>C:\CCStudio_v6.1\ccsv6\tools\compiler\c6000_7.4.16\lib\</path>
         <kind>archive</kind>
         <file>rts6740.lib</file>
         <name>fixdli.obj</name>
      </input_file>
      <input_file id="fl-ff">
         <path>C:\CCStudio_v6.1\ccsv6\tools\compiler\c6000_7.4.16\lib\</path>
         <kind>archive</kind>
         <file>rts6740.lib</file>
         <name>fltlid.obj</name>
      </input_file>
      <input_file id="fl-100">
         <path>C:\CCStudio_v6.1\ccsv6\tools\compiler\c6000_7.4.16\lib\</path>
         <kind>archive</kind>
         <file>rts6740.lib</file>
         <name>llshift.obj</name>
      </input_file>
      <input_file id="fl-101">
         <path>C:\CCStudio_v6.1\ccsv6\tools\compiler\c6000_7.4.16\lib\</path>
         <kind>archive</kind>
         <file>rts6740.lib</file>
         <name>negll.obj</name>
      </input_file>
      <input_file id="fl-102">
         <path>C:\CCStudio_v6.1\ccsv6\tools\compiler\c6000_7.4.16\lib\</path>
         <kind>archive</kind>
         <file>rts6740.lib</file>
         <name>fputc.obj</name>
      </input_file>
      <input_file id="fl-103">
         <path>C:\CCStudio_v6.1\ccsv6\tools\compiler\c6000_7.4.16\lib\</path>
         <kind>archive</kind>
         <file>rts6740.lib</file>
         <name>fflush.obj</name>
      </input_file>
      <input_file id="fl-104">
         <path>C:\CCStudio_v6.1\ccsv6\tools\compiler\c6000_7.4.16\lib\</path>
         <kind>archive</kind>
         <file>rts6740.lib</file>
         <name>_io_perm.obj</name>
      </input_file>
      <input_file id="fl-105">
         <path>C:\CCStudio_v6.1\ccsv6\tools\compiler\c6000_7.4.16\lib\</path>
         <kind>archive</kind>
         <file>rts6740.lib</file>
         <name>fputs.obj</name>
      </input_file>
      <input_file id="fl-106">
         <path>C:\CCStudio_v6.1\ccsv6\tools\compiler\c6000_7.4.16\lib\</path>
         <kind>archive</kind>
         <file>rts6740.lib</file>
         <name>fseek.obj</name>
      </input_file>
      <input_file id="fl-107">
         <path>C:\CCStudio_v6.1\ccsv6\tools\compiler\c6000_7.4.16\lib\</path>
         <kind>archive</kind>
         <file>rts6740.lib</file>
         <name>abs.obj</name>
      </input_file>
      <input_file id="fl-108">
         <path>C:\CCStudio_v6.1\ccsv6\tools\compiler\c6000_7.4.16\lib\</path>
         <kind>archive</kind>
         <file>rts6740.lib</file>
         <name>lowlev.obj</name>
      </input_file>
      <input_file id="fl-109">
         <path>C:\CCStudio_v6.1\ccsv6\tools\compiler\c6000_7.4.16\lib\</path>
         <kind>archive</kind>
         <file>rts6740.lib</file>
         <name>trgdrv.obj</name>
      </input_file>
      <input_file id="fl-10a">
         <path>C:\CCStudio_v6.1\ccsv6\tools\compiler\c6000_7.4.16\lib\</path>
         <kind>archive</kind>
         <file>rts6740.lib</file>
         <name>ltoa.obj</name>
      </input_file>
      <input_file id="fl-10b">
         <path>C:\CCStudio_v6.1\ccsv6\tools\compiler\c6000_7.4.16\lib\</path>
         <kind>archive</kind>
         <file>rts6740.lib</file>
         <name>memccpy.obj</name>
      </input_file>
      <input_file id="fl-10c">
         <path>C:\CCStudio_v6.1\ccsv6\tools\compiler\c6000_7.4.16\lib\</path>
         <kind>archive</kind>
         <file>rts6740.lib</file>
         <name>trgmsg.obj</name>
      </input_file>
      <input_file id="fl-10d">
         <path>C:\CCStudio_v6.1\ccsv6\tools\compiler\c6000_7.4.16\lib\</path>
         <kind>archive</kind>
         <file>rts6740.lib</file>
         <name>setvbuf.obj</name>
      </input_file>
      <input_file id="fl-10e">
         <path>C:\CCStudio_v6.1\ccsv6\tools\compiler\c6000_7.4.16\lib\</path>
         <kind>archive</kind>
         <file>rts6740.lib</file>
         <name>fopen.obj</name>
      </input_file>
      <input_file id="fl-10f">
         <path>C:\CCStudio_v6.1\ccsv6\tools\compiler\c6000_7.4.16\lib\</path>
         <kind>archive</kind>
         <file>rts6740.lib</file>
         <name>fclose.obj</name>
      </input_file>
      <input_file id="fl-110">
         <path>C:\CCStudio_v6.1\bios_5_42_02_10\packages\ti\bios\lib\</path>
         <kind>archive</kind>
         <file>bios.a674</file>
         <name>malloc.o674</name>
      </input_file>
      <input_file id="fl-111">
         <path>C:\CCStudio_v6.1\bios_5_42_02_10\packages\ti\bios\lib\</path>
         <kind>archive</kind>
         <file>bios.a674</file>
         <name>mem_allo.o674</name>
      </input_file>
      <input_file id="fl-112">
         <path>C:\CCStudio_v6.1\bios_5_42_02_10\packages\ti\bios\lib\</path>
         <kind>archive</kind>
         <file>bios.a674</file>
         <name>mem_free.o674</name>
      </input_file>
      <input_file id="fl-113">
         <path>C:\CCStudio_v6.1\bios_5_42_02_10\packages\ti\bios\lib\</path>
         <kind>archive</kind>
         <file>bios.a674</file>
         <name>sys_erro.o674</name>
      </input_file>
      <input_file id="fl-114">
         <path>C:\CCStudio_v6.1\ccsv6\tools\compiler\c6000_7.4.16\lib\</path>
         <kind>archive</kind>
         <file>rts6740.lib</file>
         <name>remove.obj</name>
      </input_file>
      <input_file id="fl-115">
         <path>C:\wcjones3_jclee14\_shared\c67xmathlib_2_01_00_00\lib\</path>
         <kind>archive</kind>
         <file>c674xfastMath.lib</file>
         <name>sindp.obj</name>
      </input_file>
      <input_file id="fl-116">
         <path>C:\wcjones3_jclee14\_shared\c67xmathlib_2_01_00_00\lib\</path>
         <kind>archive</kind>
         <file>c674xfastMath.lib</file>
         <name>sinsp.obj</name>
      </input_file>
      <input_file id="fl-117">
         <path>C:\CCStudio_v6.1\ccsv6\tools\compiler\c6000_7.4.16\lib\</path>
         <kind>archive</kind>
         <file>rts6740.lib</file>
         <name>sprintf.obj</name>
      </input_file>
      <input_file id="fl-118">
         <path>C:\wcjones3_jclee14\_shared\c67xmathlib_2_01_00_00\lib\</path>
         <kind>archive</kind>
         <file>c674xfastMath.lib</file>
         <name>sqrtsp.obj</name>
      </input_file>
      <input_file id="fl-119">
         <path>C:\CCStudio_v6.1\ccsv6\tools\compiler\c6000_7.4.16\lib\</path>
         <kind>archive</kind>
         <file>rts6740.lib</file>
         <name>sscanf.obj</name>
      </input_file>
      <input_file id="fl-11a">
         <path>C:\CCStudio_v6.1\ccsv6\tools\compiler\c6000_7.4.16\lib\</path>
         <kind>archive</kind>
         <file>rts6740.lib</file>
         <name>_scanfi.obj</name>
      </input_file>
      <input_file id="fl-11b">
         <path>C:\CCStudio_v6.1\ccsv6\tools\compiler\c6000_7.4.16\lib\</path>
         <kind>archive</kind>
         <file>rts6740.lib</file>
         <name>strtod.obj</name>
      </input_file>
      <input_file id="fl-11c">
         <path>C:\CCStudio_v6.1\ccsv6\tools\compiler\c6000_7.4.16\lib\</path>
         <kind>archive</kind>
         <file>rts6740.lib</file>
         <name>strtol.obj</name>
      </input_file>
      <input_file id="fl-11d">
         <path>C:\CCStudio_v6.1\ccsv6\tools\compiler\c6000_7.4.16\lib\</path>
         <kind>archive</kind>
         <file>rts6740.lib</file>
         <name>strtold.obj</name>
      </input_file>
      <input_file id="fl-11e">
         <path>C:\CCStudio_v6.1\ccsv6\tools\compiler\c6000_7.4.16\lib\</path>
         <kind>archive</kind>
         <file>rts6740.lib</file>
         <name>strtoll.obj</name>
      </input_file>
      <input_file id="fl-11f">
         <path>C:\CCStudio_v6.1\ccsv6\tools\compiler\c6000_7.4.16\lib\</path>
         <kind>archive</kind>
         <file>rts6740.lib</file>
         <name>strtoul.obj</name>
      </input_file>
      <input_file id="fl-120">
         <path>C:\CCStudio_v6.1\ccsv6\tools\compiler\c6000_7.4.16\lib\</path>
         <kind>archive</kind>
         <file>rts6740.lib</file>
         <name>strtoull.obj</name>
      </input_file>
      <input_file id="fl-121">
         <path>C:\CCStudio_v6.1\ccsv6\tools\compiler\c6000_7.4.16\lib\</path>
         <kind>archive</kind>
         <file>rts6740.lib</file>
         <name>vsprintf.obj</name>
      </input_file>
   </input_file_list>
   <object_component_list>
      <object_component id="oc-a0">
         <name>.vers</name>
         <load_address>0x0</load_address>
         <run_address>0x0</run_address>
         <size>0x44</size>
         <input_file_ref idref="fl-9"/>
      </object_component>
      <object_component id="oc-8a">
         <name>.clk</name>
         <uninitialized>true</uninitialized>
         <run_address>0x11825178</run_address>
         <size>0x8</size>
         <input_file_ref idref="fl-9"/>
      </object_component>
      <object_component id="oc-8b">
         <name>.prd</name>
         <uninitialized>true</uninitialized>
         <run_address>0x11817040</run_address>
         <size>0x40</size>
         <input_file_ref idref="fl-9"/>
      </object_component>
      <object_component id="oc-93">
         <name>.swi</name>
         <uninitialized>true</uninitialized>
         <run_address>0x11834c20</run_address>
         <size>0xdc</size>
         <input_file_ref idref="fl-9"/>
      </object_component>
      <object_component id="oc-94">
         <name>.tsk</name>
         <uninitialized>true</uninitialized>
         <run_address>0x11834438</run_address>
         <size>0x180</size>
         <input_file_ref idref="fl-9"/>
      </object_component>
      <object_component id="oc-9a">
         <name>.idl</name>
         <uninitialized>true</uninitialized>
         <run_address>0x11835014</run_address>
         <size>0x10</size>
         <input_file_ref idref="fl-9"/>
      </object_component>
      <object_component id="oc-99">
         <name>.idlcal</name>
         <uninitialized>true</uninitialized>
         <run_address>0x11835024</run_address>
         <size>0x10</size>
         <input_file_ref idref="fl-9"/>
      </object_component>
      <object_component id="oc-4f">
         <name>.bss</name>
         <uninitialized>true</uninitialized>
         <run_address>0x11832ee8</run_address>
         <size>0x38</size>
         <input_file_ref idref="fl-9"/>
      </object_component>
      <object_component id="oc-57">
         <name>.bss</name>
         <uninitialized>true</uninitialized>
         <run_address>0x11832d70</run_address>
         <size>0x88</size>
         <input_file_ref idref="fl-2"/>
      </object_component>
      <object_component id="oc-5e">
         <name>.bss</name>
         <uninitialized>true</uninitialized>
         <run_address>0x11832eb0</run_address>
         <size>0x38</size>
         <input_file_ref idref="fl-3"/>
      </object_component>
      <object_component id="oc-65">
         <name>.bss</name>
         <uninitialized>true</uninitialized>
         <run_address>0x11832fac</run_address>
         <size>0xb</size>
         <input_file_ref idref="fl-4"/>
      </object_component>
      <object_component id="oc-6c">
         <name>.bss</name>
         <uninitialized>true</uninitialized>
         <run_address>0x118329fc</run_address>
         <size>0x10c</size>
         <input_file_ref idref="fl-5"/>
      </object_component>
      <object_component id="oc-73">
         <name>.bss</name>
         <uninitialized>true</uninitialized>
         <run_address>0x11832fb8</run_address>
         <size>0x8</size>
         <input_file_ref idref="fl-6"/>
      </object_component>
      <object_component id="oc-79">
         <name>.bss</name>
         <uninitialized>true</uninitialized>
         <run_address>0x11832df8</run_address>
         <size>0x6c</size>
         <input_file_ref idref="fl-7"/>
      </object_component>
      <object_component id="oc-a6">
         <name>.bss</name>
         <uninitialized>true</uninitialized>
         <run_address>0x11832fdc</run_address>
         <size>0x4</size>
         <input_file_ref idref="fl-b"/>
      </object_component>
      <object_component id="oc-b0">
         <name>.bss</name>
         <uninitialized>true</uninitialized>
         <run_address>0x11832800</run_address>
         <size>0x1fc</size>
         <input_file_ref idref="fl-d"/>
      </object_component>
      <object_component id="oc-bc">
         <name>.bss</name>
         <uninitialized>true</uninitialized>
         <run_address>0x11832c08</run_address>
         <size>0xcc</size>
         <input_file_ref idref="fl-93"/>
      </object_component>
      <object_component id="oc-be">
         <name>.bss</name>
         <uninitialized>true</uninitialized>
         <run_address>0x11832b08</run_address>
         <size>0x100</size>
         <input_file_ref idref="fl-94"/>
      </object_component>
      <object_component id="oc-c5">
         <name>.bss</name>
         <uninitialized>true</uninitialized>
         <run_address>0x11832f58</run_address>
         <size>0x18</size>
         <input_file_ref idref="fl-96"/>
      </object_component>
      <object_component id="oc-cb">
         <name>.bss</name>
         <uninitialized>true</uninitialized>
         <run_address>0x11832cd4</run_address>
         <size>0x9c</size>
         <input_file_ref idref="fl-97"/>
      </object_component>
      <object_component id="oc-fc">
         <name>.bss</name>
         <uninitialized>true</uninitialized>
         <run_address>0x11832f40</run_address>
         <size>0x18</size>
         <input_file_ref idref="fl-a4"/>
      </object_component>
      <object_component id="oc-fe">
         <name>.bss</name>
         <uninitialized>true</uninitialized>
         <run_address>0x11832fd0</run_address>
         <size>0x4</size>
         <input_file_ref idref="fl-a5"/>
      </object_component>
      <object_component id="oc-132">
         <name>.bss</name>
         <uninitialized>true</uninitialized>
         <run_address>0x11832fc0</run_address>
         <size>0x8</size>
         <input_file_ref idref="fl-b1"/>
      </object_component>
      <object_component id="oc-139">
         <name>.bss</name>
         <uninitialized>true</uninitialized>
         <run_address>0x11832eac</run_address>
         <size>0x4</size>
         <input_file_ref idref="fl-b3"/>
      </object_component>
      <object_component id="oc-148">
         <name>.bss</name>
         <uninitialized>true</uninitialized>
         <run_address>0x11832f20</run_address>
         <size>0x20</size>
         <input_file_ref idref="fl-b7"/>
      </object_component>
      <object_component id="oc-14e">
         <name>.bss</name>
         <uninitialized>true</uninitialized>
         <run_address>0x11832f70</run_address>
         <size>0x10</size>
         <input_file_ref idref="fl-b8"/>
      </object_component>
      <object_component id="oc-160">
         <name>.bss</name>
         <uninitialized>true</uninitialized>
         <run_address>0x11832f90</run_address>
         <size>0x10</size>
         <input_file_ref idref="fl-bc"/>
      </object_component>
      <object_component id="oc-170">
         <name>.bss</name>
         <uninitialized>true</uninitialized>
         <run_address>0x11832fd8</run_address>
         <size>0x4</size>
         <input_file_ref idref="fl-bf"/>
      </object_component>
      <object_component id="oc-175">
         <name>.bss</name>
         <uninitialized>true</uninitialized>
         <run_address>0x11832e64</run_address>
         <size>0x48</size>
         <input_file_ref idref="fl-c0"/>
      </object_component>
      <object_component id="oc-18a">
         <name>.bss</name>
         <uninitialized>true</uninitialized>
         <run_address>0x11832fd4</run_address>
         <size>0x4</size>
         <input_file_ref idref="fl-c6"/>
      </object_component>
      <object_component id="oc-196">
         <name>.bss</name>
         <uninitialized>true</uninitialized>
         <run_address>0x11832f80</run_address>
         <size>0x10</size>
         <input_file_ref idref="fl-ca"/>
      </object_component>
      <object_component id="oc-1bd">
         <name>.bss</name>
         <uninitialized>true</uninitialized>
         <run_address>0x11832fa0</run_address>
         <size>0xc</size>
         <input_file_ref idref="fl-d4"/>
      </object_component>
      <object_component id="oc-1c9">
         <name>.bss</name>
         <uninitialized>true</uninitialized>
         <run_address>0x11832fc8</run_address>
         <size>0x8</size>
         <input_file_ref idref="fl-d7"/>
      </object_component>
      <object_component id="oc-92">
         <name>.hwi_vec</name>
         <load_address>0x11834800</load_address>
         <run_address>0x11834800</run_address>
         <size>0x200</size>
         <input_file_ref idref="fl-9"/>
      </object_component>
      <object_component id="oc-5a">
         <name>.far</name>
         <uninitialized>true</uninitialized>
         <run_address>0x11823830</run_address>
         <size>0xfa0</size>
         <input_file_ref idref="fl-2"/>
      </object_component>
      <object_component id="oc-61">
         <name>.far</name>
         <uninitialized>true</uninitialized>
         <run_address>0x11824c80</run_address>
         <size>0x168</size>
         <input_file_ref idref="fl-3"/>
      </object_component>
      <object_component id="oc-6f">
         <name>.far</name>
         <uninitialized>true</uninitialized>
         <run_address>0x118207e8</run_address>
         <size>0x1a24</size>
         <input_file_ref idref="fl-5"/>
      </object_component>
      <object_component id="oc-7c">
         <name>.far</name>
         <uninitialized>true</uninitialized>
         <run_address>0x11822210</run_address>
         <size>0x1620</size>
         <input_file_ref idref="fl-7"/>
      </object_component>
      <object_component id="oc-b3">
         <name>.far</name>
         <uninitialized>true</uninitialized>
         <run_address>0x11817080</run_address>
         <size>0x9768</size>
         <input_file_ref idref="fl-d"/>
      </object_component>
      <object_component id="oc-db">
         <name>.far</name>
         <uninitialized>true</uninitialized>
         <run_address>0x11825130</run_address>
         <size>0x10</size>
         <input_file_ref idref="fl-9b"/>
      </object_component>
      <object_component id="oc-e8">
         <name>.far</name>
         <uninitialized>true</uninitialized>
         <run_address>0x11825140</run_address>
         <size>0xc</size>
         <input_file_ref idref="fl-9e"/>
      </object_component>
      <object_component id="oc-12f">
         <name>.far</name>
         <uninitialized>true</uninitialized>
         <run_address>0x1182220c</run_address>
         <size>0x4</size>
         <input_file_ref idref="fl-b0"/>
      </object_component>
      <object_component id="oc-13d">
         <name>.far</name>
         <uninitialized>true</uninitialized>
         <run_address>0x11824af4</run_address>
         <size>0x4</size>
         <input_file_ref idref="fl-b4"/>
      </object_component>
      <object_component id="oc-151">
         <name>.far</name>
         <uninitialized>true</uninitialized>
         <run_address>0x11825120</run_address>
         <size>0x10</size>
         <input_file_ref idref="fl-b8"/>
      </object_component>
      <object_component id="oc-164">
         <name>.far</name>
         <uninitialized>true</uninitialized>
         <run_address>0x11825108</run_address>
         <size>0x18</size>
         <input_file_ref idref="fl-bc"/>
      </object_component>
      <object_component id="oc-178">
         <name>.far</name>
         <uninitialized>true</uninitialized>
         <run_address>0x11824f08</run_address>
         <size>0xd8</size>
         <input_file_ref idref="fl-c0"/>
      </object_component>
      <object_component id="oc-190">
         <name>.far</name>
         <uninitialized>true</uninitialized>
         <run_address>0x11825040</run_address>
         <size>0x54</size>
         <input_file_ref idref="fl-c8"/>
      </object_component>
      <object_component id="oc-1c0">
         <name>.far</name>
         <uninitialized>true</uninitialized>
         <run_address>0x11824fe0</run_address>
         <size>0x5c</size>
         <input_file_ref idref="fl-d4"/>
      </object_component>
      <object_component id="oc-1cc">
         <name>.far</name>
         <uninitialized>true</uninitialized>
         <run_address>0x118250e8</run_address>
         <size>0x20</size>
         <input_file_ref idref="fl-d7"/>
      </object_component>
      <object_component id="oc-1d6">
         <name>.far</name>
         <uninitialized>true</uninitialized>
         <run_address>0x11825094</run_address>
         <size>0x50</size>
         <input_file_ref idref="fl-da"/>
      </object_component>
      <object_component id="oc-200">
         <name>.far</name>
         <uninitialized>true</uninitialized>
         <run_address>0x11825158</run_address>
         <size>0x8</size>
         <input_file_ref idref="fl-e5"/>
      </object_component>
      <object_component id="oc-212">
         <name>.far</name>
         <uninitialized>true</uninitialized>
         <run_address>0x11824af8</run_address>
         <size>0x188</size>
         <input_file_ref idref="fl-ea"/>
      </object_component>
      <object_component id="oc-217">
         <name>.far</name>
         <uninitialized>true</uninitialized>
         <run_address>0x118250e4</run_address>
         <size>0x4</size>
         <input_file_ref idref="fl-eb"/>
      </object_component>
      <object_component id="oc-21c">
         <name>.far</name>
         <uninitialized>true</uninitialized>
         <run_address>0x1182514c</run_address>
         <size>0xc</size>
         <input_file_ref idref="fl-ec"/>
      </object_component>
      <object_component id="oc-22f">
         <name>.far</name>
         <uninitialized>true</uninitialized>
         <run_address>0x11824f04</run_address>
         <size>0x4</size>
         <input_file_ref idref="fl-f1"/>
      </object_component>
      <object_component id="oc-24b">
         <name>.far</name>
         <uninitialized>true</uninitialized>
         <run_address>0x118247d0</run_address>
         <size>0x324</size>
         <input_file_ref idref="fl-fa"/>
      </object_component>
      <object_component id="oc-278">
         <name>.far</name>
         <uninitialized>true</uninitialized>
         <run_address>0x11824de8</run_address>
         <size>0x11c</size>
         <input_file_ref idref="fl-108"/>
      </object_component>
      <object_component id="oc-27c">
         <name>.far</name>
         <uninitialized>true</uninitialized>
         <run_address>0x11825160</run_address>
         <size>0x8</size>
         <input_file_ref idref="fl-109"/>
      </object_component>
      <object_component id="oc-28e">
         <name>.far</name>
         <uninitialized>true</uninitialized>
         <run_address>0x1182503c</run_address>
         <size>0x4</size>
         <input_file_ref idref="fl-10e"/>
      </object_component>
      <object_component id="oc-9e">
         <name>.sem</name>
         <uninitialized>true</uninitialized>
         <run_address>0x11834fe8</run_address>
         <size>0x2c</size>
         <input_file_ref idref="fl-9"/>
      </object_component>
      <object_component id="oc-86">
         <name>.mem</name>
         <uninitialized>true</uninitialized>
         <run_address>0x11830ffc</run_address>
         <size>0x4</size>
         <input_file_ref idref="fl-9"/>
      </object_component>
      <object_component id="oc-c7">
         <name>.bios</name>
         <load_address>0x11825180</load_address>
         <run_address>0x11825180</run_address>
         <size>0x5c0</size>
         <input_file_ref idref="fl-96"/>
      </object_component>
      <object_component id="oc-2e1">
         <name>.bios</name>
         <load_address>0x11825740</load_address>
         <run_address>0x11825740</run_address>
         <size>0x580</size>
         <input_file_ref idref="fl-b8"/>
      </object_component>
      <object_component id="oc-50">
         <name>.bios</name>
         <load_address>0x11825cc0</load_address>
         <run_address>0x11825cc0</run_address>
         <size>0x4e0</size>
         <input_file_ref idref="fl-94"/>
      </object_component>
      <object_component id="oc-4e">
         <name>.bios</name>
         <load_address>0x118261a0</load_address>
         <run_address>0x118261a0</run_address>
         <size>0x4c0</size>
         <input_file_ref idref="fl-97"/>
      </object_component>
      <object_component id="oc-119">
         <name>.bios</name>
         <load_address>0x11826660</load_address>
         <run_address>0x11826660</run_address>
         <size>0x380</size>
         <input_file_ref idref="fl-ab"/>
      </object_component>
      <object_component id="oc-375">
         <name>.bios</name>
         <load_address>0x118269e0</load_address>
         <run_address>0x118269e0</run_address>
         <size>0x280</size>
         <input_file_ref idref="fl-110"/>
      </object_component>
      <object_component id="oc-11e">
         <name>.bios</name>
         <load_address>0x11826c60</load_address>
         <run_address>0x11826c60</run_address>
         <size>0x280</size>
         <input_file_ref idref="fl-ac"/>
      </object_component>
      <object_component id="oc-2d9">
         <name>.bios</name>
         <load_address>0x11826ee0</load_address>
         <run_address>0x11826ee0</run_address>
         <size>0x240</size>
         <input_file_ref idref="fl-c5"/>
      </object_component>
      <object_component id="oc-37b">
         <name>.bios:.near</name>
         <load_address>0x11827120</load_address>
         <run_address>0x11827120</run_address>
         <size>0x200</size>
         <input_file_ref idref="fl-111"/>
      </object_component>
      <object_component id="oc-53">
         <name>.bios</name>
         <load_address>0x11827320</load_address>
         <run_address>0x11827320</run_address>
         <size>0x200</size>
         <input_file_ref idref="fl-9b"/>
      </object_component>
      <object_component id="oc-37a">
         <name>.bios:.near</name>
         <load_address>0x11827520</load_address>
         <run_address>0x11827520</run_address>
         <size>0x1e0</size>
         <input_file_ref idref="fl-112"/>
      </object_component>
      <object_component id="oc-14a">
         <name>.bios</name>
         <load_address>0x11827700</load_address>
         <run_address>0x11827700</run_address>
         <size>0x1e0</size>
         <input_file_ref idref="fl-b7"/>
      </object_component>
      <object_component id="oc-115">
         <name>.bios</name>
         <load_address>0x118278e0</load_address>
         <run_address>0x118278e0</run_address>
         <size>0x1e0</size>
         <input_file_ref idref="fl-aa"/>
      </object_component>
      <object_component id="oc-2e9">
         <name>.bios</name>
         <load_address>0x11827ac0</load_address>
         <run_address>0x11827ac0</run_address>
         <size>0x1e0</size>
         <input_file_ref idref="fl-ce"/>
      </object_component>
      <object_component id="oc-2de">
         <name>.bios</name>
         <load_address>0x11827ca0</load_address>
         <run_address>0x11827ca0</run_address>
         <size>0x1a0</size>
         <input_file_ref idref="fl-df"/>
      </object_component>
      <object_component id="oc-2e3">
         <name>.bios</name>
         <load_address>0x11827e40</load_address>
         <run_address>0x11827e40</run_address>
         <size>0x1a0</size>
         <input_file_ref idref="fl-d9"/>
      </object_component>
      <object_component id="oc-ee">
         <name>.bios</name>
         <load_address>0x11827fe0</load_address>
         <run_address>0x11827fe0</run_address>
         <size>0x1a0</size>
         <input_file_ref idref="fl-a0"/>
      </object_component>
      <object_component id="oc-10d">
         <name>.bios</name>
         <load_address>0x11828180</load_address>
         <run_address>0x11828180</run_address>
         <size>0x180</size>
         <input_file_ref idref="fl-a8"/>
      </object_component>
      <object_component id="oc-303">
         <name>.bios</name>
         <load_address>0x11828300</load_address>
         <run_address>0x11828300</run_address>
         <size>0x180</size>
         <input_file_ref idref="fl-af"/>
      </object_component>
      <object_component id="oc-2d0">
         <name>.bios</name>
         <load_address>0x11828480</load_address>
         <run_address>0x11828480</run_address>
         <size>0x140</size>
         <input_file_ref idref="fl-e0"/>
      </object_component>
      <object_component id="oc-2dc">
         <name>.bios</name>
         <load_address>0x118285c0</load_address>
         <run_address>0x118285c0</run_address>
         <size>0x140</size>
         <input_file_ref idref="fl-d5"/>
      </object_component>
      <object_component id="oc-313">
         <name>.bios</name>
         <load_address>0x11828700</load_address>
         <run_address>0x11828700</run_address>
         <size>0x140</size>
         <input_file_ref idref="fl-98"/>
      </object_component>
      <object_component id="oc-2df">
         <name>.bios</name>
         <load_address>0x11828840</load_address>
         <run_address>0x11828840</run_address>
         <size>0x120</size>
         <input_file_ref idref="fl-b9"/>
      </object_component>
      <object_component id="oc-17d">
         <name>.bios</name>
         <load_address>0x11828960</load_address>
         <run_address>0x11828960</run_address>
         <size>0x120</size>
         <input_file_ref idref="fl-c2"/>
      </object_component>
      <object_component id="oc-2e4">
         <name>.bios</name>
         <load_address>0x11828a80</load_address>
         <run_address>0x11828a80</run_address>
         <size>0x120</size>
         <input_file_ref idref="fl-da"/>
      </object_component>
      <object_component id="oc-1ab">
         <name>.bios</name>
         <load_address>0x11828ba0</load_address>
         <run_address>0x11828ba0</run_address>
         <size>0xe0</size>
         <input_file_ref idref="fl-cf"/>
      </object_component>
      <object_component id="oc-2db">
         <name>.bios</name>
         <load_address>0x11828c80</load_address>
         <run_address>0x11828c80</run_address>
         <size>0xc0</size>
         <input_file_ref idref="fl-c1"/>
      </object_component>
      <object_component id="oc-2eb">
         <name>.bios</name>
         <load_address>0x11828d40</load_address>
         <run_address>0x11828d40</run_address>
         <size>0xa0</size>
         <input_file_ref idref="fl-d0"/>
      </object_component>
      <object_component id="oc-30f">
         <name>.bios</name>
         <load_address>0x11828de0</load_address>
         <run_address>0x11828de0</run_address>
         <size>0xa0</size>
         <input_file_ref idref="fl-d6"/>
      </object_component>
      <object_component id="oc-2ea">
         <name>.bios</name>
         <load_address>0x11828e80</load_address>
         <run_address>0x11828e80</run_address>
         <size>0x80</size>
         <input_file_ref idref="fl-c4"/>
      </object_component>
      <object_component id="oc-2d2">
         <name>.bios</name>
         <load_address>0x11828f00</load_address>
         <run_address>0x11828f00</run_address>
         <size>0x80</size>
         <input_file_ref idref="fl-c3"/>
      </object_component>
      <object_component id="oc-315">
         <name>.bios</name>
         <load_address>0x11828f80</load_address>
         <run_address>0x11828f80</run_address>
         <size>0x80</size>
         <input_file_ref idref="fl-db"/>
      </object_component>
      <object_component id="oc-111">
         <name>.bios</name>
         <load_address>0x11829000</load_address>
         <run_address>0x11829000</run_address>
         <size>0x80</size>
         <input_file_ref idref="fl-a9"/>
      </object_component>
      <object_component id="oc-329">
         <name>.bios</name>
         <load_address>0x11829080</load_address>
         <run_address>0x11829080</run_address>
         <size>0x80</size>
         <input_file_ref idref="fl-b0"/>
      </object_component>
      <object_component id="oc-104">
         <name>.bios</name>
         <load_address>0x11829100</load_address>
         <run_address>0x11829100</run_address>
         <size>0x80</size>
         <input_file_ref idref="fl-a6"/>
      </object_component>
      <object_component id="oc-37d">
         <name>.bios:.near</name>
         <load_address>0x11829180</load_address>
         <run_address>0x11829180</run_address>
         <size>0x60</size>
         <input_file_ref idref="fl-113"/>
      </object_component>
      <object_component id="oc-f2">
         <name>.bios</name>
         <load_address>0x118291e0</load_address>
         <run_address>0x118291e0</run_address>
         <size>0x60</size>
         <input_file_ref idref="fl-a1"/>
      </object_component>
      <object_component id="oc-168">
         <name>.bios</name>
         <load_address>0x11829240</load_address>
         <run_address>0x11829240</run_address>
         <size>0x60</size>
         <input_file_ref idref="fl-bd"/>
      </object_component>
      <object_component id="oc-100">
         <name>.bios</name>
         <load_address>0x118292a0</load_address>
         <run_address>0x118292a0</run_address>
         <size>0x60</size>
         <input_file_ref idref="fl-a5"/>
      </object_component>
      <object_component id="oc-1a4">
         <name>.bios</name>
         <load_address>0x11829300</load_address>
         <run_address>0x11829300</run_address>
         <size>0x60</size>
         <input_file_ref idref="fl-cd"/>
      </object_component>
      <object_component id="oc-126">
         <name>.bios</name>
         <load_address>0x11829360</load_address>
         <run_address>0x11829360</run_address>
         <size>0x60</size>
         <input_file_ref idref="fl-ae"/>
      </object_component>
      <object_component id="oc-314">
         <name>.bios</name>
         <load_address>0x118293c0</load_address>
         <run_address>0x118293c0</run_address>
         <size>0x60</size>
         <input_file_ref idref="fl-d3"/>
      </object_component>
      <object_component id="oc-13f">
         <name>.bios</name>
         <load_address>0x11829420</load_address>
         <run_address>0x11829420</run_address>
         <size>0x60</size>
         <input_file_ref idref="fl-b5"/>
      </object_component>
      <object_component id="oc-4c">
         <name>.bios</name>
         <load_address>0x11829480</load_address>
         <run_address>0x11829480</run_address>
         <size>0x40</size>
         <input_file_ref idref="fl-95"/>
      </object_component>
      <object_component id="oc-122">
         <name>.bios</name>
         <load_address>0x118294c0</load_address>
         <run_address>0x118294c0</run_address>
         <size>0x40</size>
         <input_file_ref idref="fl-ad"/>
      </object_component>
      <object_component id="oc-4b">
         <name>.bios</name>
         <load_address>0x11829500</load_address>
         <run_address>0x11829500</run_address>
         <size>0x40</size>
         <input_file_ref idref="fl-9c"/>
      </object_component>
      <object_component id="oc-52">
         <name>.bios</name>
         <load_address>0x11829540</load_address>
         <run_address>0x11829540</run_address>
         <size>0x40</size>
         <input_file_ref idref="fl-9e"/>
      </object_component>
      <object_component id="oc-135">
         <name>.bios</name>
         <load_address>0x11829580</load_address>
         <run_address>0x11829580</run_address>
         <size>0x20</size>
         <input_file_ref idref="fl-b2"/>
      </object_component>
      <object_component id="oc-56">
         <name>.bios</name>
         <load_address>0x118295a0</load_address>
         <run_address>0x118295a0</run_address>
         <size>0x20</size>
         <input_file_ref idref="fl-9a"/>
      </object_component>
      <object_component id="oc-158">
         <name>.bios</name>
         <load_address>0x118295c0</load_address>
         <run_address>0x118295c0</run_address>
         <size>0x20</size>
         <input_file_ref idref="fl-ba"/>
      </object_component>
      <object_component id="oc-108">
         <name>.bios</name>
         <load_address>0x118295e0</load_address>
         <run_address>0x118295e0</run_address>
         <size>0x20</size>
         <input_file_ref idref="fl-a7"/>
      </object_component>
      <object_component id="oc-1b6">
         <name>.bios</name>
         <load_address>0x11829600</load_address>
         <run_address>0x11829600</run_address>
         <size>0x20</size>
         <input_file_ref idref="fl-d2"/>
      </object_component>
      <object_component id="oc-55">
         <name>.bios</name>
         <load_address>0x11829620</load_address>
         <run_address>0x11829620</run_address>
         <size>0x20</size>
         <input_file_ref idref="fl-9d"/>
      </object_component>
      <object_component id="oc-54">
         <name>.bios</name>
         <load_address>0x11829640</load_address>
         <run_address>0x11829640</run_address>
         <size>0x20</size>
         <input_file_ref idref="fl-9f"/>
      </object_component>
      <object_component id="oc-51">
         <name>.bios</name>
         <load_address>0x11829660</load_address>
         <run_address>0x11829660</run_address>
         <size>0x20</size>
         <input_file_ref idref="fl-99"/>
      </object_component>
      <object_component id="oc-286">
         <name>.cio</name>
         <uninitialized>true</uninitialized>
         <run_address>0x11834a00</run_address>
         <size>0x120</size>
         <input_file_ref idref="fl-10c"/>
      </object_component>
      <object_component id="oc-225">
         <name>.data</name>
         <load_address>0x11834dc8</load_address>
         <run_address>0x11834dc8</run_address>
         <size>0x60</size>
         <input_file_ref idref="fl-ef"/>
      </object_component>
      <object_component id="oc-2a6">
         <name>.data</name>
         <load_address>0x11834e28</load_address>
         <run_address>0x11834e28</run_address>
         <size>0x60</size>
         <input_file_ref idref="fl-115"/>
      </object_component>
      <object_component id="oc-19a">
         <name>.pinit</name>
         <load_address>0x118345f4</load_address>
         <run_address>0x118345f4</run_address>
         <size>0x4</size>
         <input_file_ref idref="fl-ca"/>
      </object_component>
      <object_component id="oc-165">
         <name>.pinit</name>
         <load_address>0x118345f8</load_address>
         <run_address>0x118345f8</run_address>
         <size>0x4</size>
         <input_file_ref idref="fl-bc"/>
      </object_component>
      <object_component id="oc-89">
         <name>.sys</name>
         <uninitialized>true</uninitialized>
         <run_address>0x11835034</run_address>
         <size>0x10</size>
         <input_file_ref idref="fl-9"/>
      </object_component>
      <object_component id="oc-2d1">
         <name>.text</name>
         <load_address>0x11800000</load_address>
         <run_address>0x11800000</run_address>
         <size>0x4380</size>
         <input_file_ref idref="fl-d"/>
      </object_component>
      <object_component id="oc-2dd">
         <name>.text</name>
         <load_address>0x11804380</load_address>
         <run_address>0x11804380</run_address>
         <size>0x2620</size>
         <input_file_ref idref="fl-7"/>
      </object_component>
      <object_component id="oc-2d5">
         <name>.text</name>
         <load_address>0x118069a0</load_address>
         <run_address>0x118069a0</run_address>
         <size>0x1480</size>
         <input_file_ref idref="fl-5"/>
      </object_component>
      <object_component id="oc-2f7">
         <name>.text</name>
         <load_address>0x11807e20</load_address>
         <run_address>0x11807e20</run_address>
         <size>0xf80</size>
         <input_file_ref idref="fl-b6"/>
      </object_component>
      <object_component id="oc-2da">
         <name>.text</name>
         <load_address>0x11808da0</load_address>
         <run_address>0x11808da0</run_address>
         <size>0xaa0</size>
         <input_file_ref idref="fl-4"/>
      </object_component>
      <object_component id="oc-32d">
         <name>.text:__scanfi</name>
         <load_address>0x11809840</load_address>
         <run_address>0x11809840</run_address>
         <size>0x900</size>
         <input_file_ref idref="fl-11a"/>
      </object_component>
      <object_component id="oc-2fe">
         <name>.text</name>
         <load_address>0x1180a140</load_address>
         <run_address>0x1180a140</run_address>
         <size>0x720</size>
         <input_file_ref idref="fl-8"/>
      </object_component>
      <object_component id="oc-2d3">
         <name>.text</name>
         <load_address>0x1180a860</load_address>
         <run_address>0x1180a860</run_address>
         <size>0x6e0</size>
         <input_file_ref idref="fl-3"/>
      </object_component>
      <object_component id="oc-30a">
         <name>.text</name>
         <load_address>0x1180af40</load_address>
         <run_address>0x1180af40</run_address>
         <size>0x6c0</size>
         <input_file_ref idref="fl-de"/>
      </object_component>
      <object_component id="oc-342">
         <name>.text:__sset_arg</name>
         <load_address>0x1180b600</load_address>
         <run_address>0x1180b600</run_address>
         <size>0x620</size>
         <input_file_ref idref="fl-11a"/>
      </object_component>
      <object_component id="oc-367">
         <name>.text:__getarg_diouxp</name>
         <load_address>0x1180bc20</load_address>
         <run_address>0x1180bc20</run_address>
         <size>0x580</size>
         <input_file_ref idref="fl-fb"/>
      </object_component>
      <object_component id="oc-2fa">
         <name>.text</name>
         <load_address>0x1180c1a0</load_address>
         <run_address>0x1180c1a0</run_address>
         <size>0x580</size>
         <input_file_ref idref="fl-b"/>
      </object_component>
      <object_component id="oc-345">
         <name>.text:__setfield</name>
         <load_address>0x1180c720</load_address>
         <run_address>0x1180c720</run_address>
         <size>0x520</size>
         <input_file_ref idref="fl-fb"/>
      </object_component>
      <object_component id="oc-2d6">
         <name>.text</name>
         <load_address>0x1180cc40</load_address>
         <run_address>0x1180cc40</run_address>
         <size>0x4c0</size>
         <input_file_ref idref="fl-2"/>
      </object_component>
      <object_component id="oc-33f">
         <name>.text:__sproc_int</name>
         <load_address>0x1180d100</load_address>
         <run_address>0x1180d100</run_address>
         <size>0x4c0</size>
         <input_file_ref idref="fl-11a"/>
      </object_component>
      <object_component id="oc-322">
         <name>.text</name>
         <load_address>0x1180d5c0</load_address>
         <run_address>0x1180d5c0</run_address>
         <size>0x4a0</size>
         <input_file_ref idref="fl-be"/>
      </object_component>
      <object_component id="oc-350">
         <name>.text:_strtod</name>
         <load_address>0x1180da60</load_address>
         <run_address>0x1180da60</run_address>
         <size>0x460</size>
         <input_file_ref idref="fl-11b"/>
      </object_component>
      <object_component id="oc-352">
         <name>.text:_strtol</name>
         <load_address>0x1180dec0</load_address>
         <run_address>0x1180dec0</run_address>
         <size>0x460</size>
         <input_file_ref idref="fl-11c"/>
      </object_component>
      <object_component id="oc-351">
         <name>.text:_strtold</name>
         <load_address>0x1180e320</load_address>
         <run_address>0x1180e320</run_address>
         <size>0x460</size>
         <input_file_ref idref="fl-11d"/>
      </object_component>
      <object_component id="oc-353">
         <name>.text:_strtoll</name>
         <load_address>0x1180e780</load_address>
         <run_address>0x1180e780</run_address>
         <size>0x460</size>
         <input_file_ref idref="fl-11e"/>
      </object_component>
      <object_component id="oc-330">
         <name>.text:__printfi</name>
         <load_address>0x1180ebe0</load_address>
         <run_address>0x1180ebe0</run_address>
         <size>0x440</size>
         <input_file_ref idref="fl-fb"/>
      </object_component>
      <object_component id="oc-310">
         <name>.text</name>
         <load_address>0x1180f020</load_address>
         <run_address>0x1180f020</run_address>
         <size>0x440</size>
         <input_file_ref idref="fl-dc"/>
      </object_component>
      <object_component id="oc-34e">
         <name>.text:_strtoul</name>
         <load_address>0x1180f460</load_address>
         <run_address>0x1180f460</run_address>
         <size>0x400</size>
         <input_file_ref idref="fl-11f"/>
      </object_component>
      <object_component id="oc-34f">
         <name>.text:_strtoull</name>
         <load_address>0x1180f860</load_address>
         <run_address>0x1180f860</run_address>
         <size>0x400</size>
         <input_file_ref idref="fl-120"/>
      </object_component>
      <object_component id="oc-2f8">
         <name>.text</name>
         <load_address>0x1180fc60</load_address>
         <run_address>0x1180fc60</run_address>
         <size>0x400</size>
         <input_file_ref idref="fl-bf"/>
      </object_component>
      <object_component id="oc-30e">
         <name>.text</name>
         <load_address>0x11810060</load_address>
         <run_address>0x11810060</run_address>
         <size>0x400</size>
         <input_file_ref idref="fl-d1"/>
      </object_component>
      <object_component id="oc-348">
         <name>.text:_fputs</name>
         <load_address>0x11810460</load_address>
         <run_address>0x11810460</run_address>
         <size>0x3a0</size>
         <input_file_ref idref="fl-105"/>
      </object_component>
      <object_component id="oc-301">
         <name>.text</name>
         <load_address>0x11810800</load_address>
         <run_address>0x11810800</run_address>
         <size>0x3a0</size>
         <input_file_ref idref="fl-e"/>
      </object_component>
      <object_component id="oc-33d">
         <name>.text:__sget_conv</name>
         <load_address>0x11810ba0</load_address>
         <run_address>0x11810ba0</run_address>
         <size>0x340</size>
         <input_file_ref idref="fl-11a"/>
      </object_component>
      <object_component id="oc-354">
         <name>.text:__pproc_fge</name>
         <load_address>0x11810ee0</load_address>
         <run_address>0x11810ee0</run_address>
         <size>0x320</size>
         <input_file_ref idref="fl-fb"/>
      </object_component>
      <object_component id="oc-2f5">
         <name>.text</name>
         <load_address>0x11811200</load_address>
         <run_address>0x11811200</run_address>
         <size>0x300</size>
         <input_file_ref idref="fl-bb"/>
      </object_component>
      <object_component id="oc-33e">
         <name>.text:__sproc_float</name>
         <load_address>0x11811500</load_address>
         <run_address>0x11811500</run_address>
         <size>0x2e0</size>
         <input_file_ref idref="fl-11a"/>
      </object_component>
      <object_component id="oc-344">
         <name>.text:__pproc_fwp</name>
         <load_address>0x118117e0</load_address>
         <run_address>0x118117e0</run_address>
         <size>0x2c0</size>
         <input_file_ref idref="fl-fb"/>
      </object_component>
      <object_component id="oc-2fb">
         <name>.text:_fmodf</name>
         <load_address>0x11811aa0</load_address>
         <run_address>0x11811aa0</run_address>
         <size>0x2c0</size>
         <input_file_ref idref="fl-f2"/>
      </object_component>
      <object_component id="oc-36e">
         <name>.text:_ecvt</name>
         <load_address>0x11811d60</load_address>
         <run_address>0x11811d60</run_address>
         <size>0x2a0</size>
         <input_file_ref idref="fl-fb"/>
      </object_component>
      <object_component id="oc-371">
         <name>.text:_fcvt</name>
         <load_address>0x11812000</load_address>
         <run_address>0x11812000</run_address>
         <size>0x2a0</size>
         <input_file_ref idref="fl-fb"/>
      </object_component>
      <object_component id="oc-35a">
         <name>.text:__divull</name>
         <load_address>0x118122a0</load_address>
         <run_address>0x118122a0</run_address>
         <size>0x260</size>
         <input_file_ref idref="fl-fd"/>
      </object_component>
      <object_component id="oc-366">
         <name>.text:__pconv_e</name>
         <load_address>0x11812500</load_address>
         <run_address>0x11812500</run_address>
         <size>0x260</size>
         <input_file_ref idref="fl-fb"/>
      </object_component>
      <object_component id="oc-355">
         <name>.text:__pproc_diouxp</name>
         <load_address>0x11812760</load_address>
         <run_address>0x11812760</run_address>
         <size>0x240</size>
         <input_file_ref idref="fl-fb"/>
      </object_component>
      <object_component id="oc-346">
         <name>.text:__pproc_str</name>
         <load_address>0x118129a0</load_address>
         <run_address>0x118129a0</run_address>
         <size>0x220</size>
         <input_file_ref idref="fl-fb"/>
      </object_component>
      <object_component id="oc-349">
         <name>.text:_fputc</name>
         <load_address>0x11812bc0</load_address>
         <run_address>0x11812bc0</run_address>
         <size>0x220</size>
         <input_file_ref idref="fl-102"/>
      </object_component>
      <object_component id="oc-364">
         <name>.text:__pconv_g</name>
         <load_address>0x11812de0</load_address>
         <run_address>0x11812de0</run_address>
         <size>0x200</size>
         <input_file_ref idref="fl-fb"/>
      </object_component>
      <object_component id="oc-36a">
         <name>.text:_setvbuf</name>
         <load_address>0x11812fe0</load_address>
         <run_address>0x11812fe0</run_address>
         <size>0x200</size>
         <input_file_ref idref="fl-10d"/>
      </object_component>
      <object_component id="oc-2f6">
         <name>.text</name>
         <load_address>0x118131e0</load_address>
         <run_address>0x118131e0</run_address>
         <size>0x1e0</size>
         <input_file_ref idref="fl-dd"/>
      </object_component>
      <object_component id="oc-370">
         <name>.text:__mcpy</name>
         <load_address>0x118133c0</load_address>
         <run_address>0x118133c0</run_address>
         <size>0x1c0</size>
         <input_file_ref idref="fl-fb"/>
      </object_component>
      <object_component id="oc-20c">
         <name>.text</name>
         <load_address>0x11813580</load_address>
         <run_address>0x11813580</run_address>
         <size>0x1c0</size>
         <input_file_ref idref="fl-e9"/>
      </object_component>
      <object_component id="oc-302">
[...]
         <name>_UART_txUint32</name>
         <value>0x1180f140</value>
         <object_component_ref idref="oc-310"/>
      </symbol>
      <symbol id="sm-1376">
         <name>_USTIMER_get</name>
         <value>0x11813310</value>
         <object_component_ref idref="oc-2f6"/>
      </symbol>
      <symbol id="sm-1377">
         <name>_USTIMER_delay</name>
         <value>0x1181333c</value>
         <object_component_ref idref="oc-2f6"/>
      </symbol>
      <symbol id="sm-1378">
         <name>_USTIMER_set</name>
         <value>0x118131e0</value>
         <object_component_ref idref="oc-2f6"/>
      </symbol>
      <symbol id="sm-1379">
         <name>_USTIMER_init</name>
         <value>0x1181322c</value>
         <object_component_ref idref="oc-2f6"/>
      </symbol>
      <symbol id="sm-137a">
         <name>_USTIMER_reset</name>
         <value>0x118131f4</value>
         <object_component_ref idref="oc-2f6"/>
      </symbol>
      <symbol id="sm-139f">
         <name>_VPIF_initReceive</name>
         <value>0x1180b2cc</value>
         <object_component_ref idref="oc-30a"/>
      </symbol>
      <symbol id="sm-13a0">
         <name>_VPIF_initReceive_withPRU</name>
         <value>0x1180b158</value>
         <object_component_ref idref="oc-30a"/>
      </symbol>
      <symbol id="sm-13a1">
         <name>_VPIF_initTransmit</name>
         <value>0x1180af40</value>
         <object_component_ref idref="oc-30a"/>
      </symbol>
      <symbol id="sm-13b3">
         <name>__SEM_dopost</name>
         <value>0x11827ca0</value>
         <object_component_ref idref="oc-2de"/>
      </symbol>
      <symbol id="sm-13c6">
         <name>__auto_init</name>
         <value>0x11828480</value>
         <object_component_ref idref="oc-2d0"/>
      </symbol>
      <symbol id="sm-13ce">
         <name>_divdp</name>
         <value>0x118168a0</value>
         <object_component_ref idref="oc-1f0"/>
      </symbol>
      <symbol id="sm-13cf">
         <name>__divd</name>
         <value>0x118168a0</value>
         <object_component_ref idref="oc-1f0"/>
      </symbol>
      <symbol id="sm-13d7">
         <name>__divf</name>
         <value>0x11816c20</value>
         <object_component_ref idref="oc-1f4"/>
      </symbol>
      <symbol id="sm-13d8">
         <name>_divsp</name>
         <value>0x11816c20</value>
         <object_component_ref idref="oc-1f4"/>
      </symbol>
      <symbol id="sm-13e1">
         <name>__c6xabi_divi</name>
         <value>0x11815360</value>
         <object_component_ref idref="oc-308"/>
      </symbol>
      <symbol id="sm-13e2">
         <name>__divi</name>
         <value>0x11815360</value>
         <object_component_ref idref="oc-308"/>
      </symbol>
      <symbol id="sm-13eb">
         <name>__c6xabi_divu</name>
         <value>0x11815ae0</value>
         <object_component_ref idref="oc-332"/>
      </symbol>
      <symbol id="sm-13ec">
         <name>__divu</name>
         <value>0x11815ae0</value>
         <object_component_ref idref="oc-332"/>
      </symbol>
      <symbol id="sm-13fe">
         <name>__unlock</name>
         <value>0x1182515c</value>
         <object_component_ref idref="oc-200"/>
      </symbol>
      <symbol id="sm-13ff">
         <name>__lock</name>
         <value>0x11825158</value>
         <object_component_ref idref="oc-200"/>
      </symbol>
      <symbol id="sm-1400">
         <name>__register_lock</name>
         <value>0x11816fa0</value>
         <object_component_ref idref="oc-316"/>
      </symbol>
      <symbol id="sm-1401">
         <name>__nop</name>
         <value>0x11816f00</value>
         <object_component_ref idref="oc-2ec"/>
      </symbol>
      <symbol id="sm-1402">
         <name>__register_unlock</name>
         <value>0x11816fc0</value>
         <object_component_ref idref="oc-317"/>
      </symbol>
      <symbol id="sm-1414">
         <name>__divul</name>
         <value>0x118138e0</value>
         <object_component_ref idref="oc-33a"/>
      </symbol>
      <symbol id="sm-1415">
         <name>__remli</name>
         <value>0x11816e00</value>
         <object_component_ref idref="oc-2fd"/>
      </symbol>
      <symbol id="sm-1416">
         <name>__remul</name>
         <value>0x11816e40</value>
         <object_component_ref idref="oc-360"/>
      </symbol>
      <symbol id="sm-1417">
         <name>__divli</name>
         <value>0x11815fe0</value>
         <object_component_ref idref="oc-327"/>
      </symbol>
      <symbol id="sm-1421">
         <name>__roundf</name>
         <value>0x11816720</value>
         <object_component_ref idref="oc-2f9"/>
      </symbol>
      <symbol id="sm-1429">
         <name>__c6xabi_strasgi_64plus</name>
         <value>0x11816e80</value>
         <object_component_ref idref="oc-323"/>
      </symbol>
      <symbol id="sm-142a">
         <name>__strasgi_64plus</name>
         <value>0x11816e80</value>
         <object_component_ref idref="oc-323"/>
      </symbol>
      <symbol id="sm-1434">
         <name>_atan2f</name>
         <value>0x11813580</value>
         <object_component_ref idref="oc-20c"/>
      </symbol>
      <symbol id="sm-1435">
         <name>_atan2sp</name>
         <value>0x11813580</value>
         <object_component_ref idref="oc-20c"/>
      </symbol>
      <symbol id="sm-1449">
         <name>_atexit</name>
         <value>0x11815c60</value>
         <object_component_ref idref="oc-31c"/>
      </symbol>
      <symbol id="sm-144a">
         <name>___atexit_func_id__</name>
         <value>0x11824af8</value>
         <object_component_ref idref="oc-212"/>
      </symbol>
      <symbol id="sm-1462">
         <name>_dtors</name>
         <value>0x118250e4</value>
         <object_component_ref idref="oc-217"/>
      </symbol>
      <symbol id="sm-1463">
         <name>_call_dtors</name>
         <value>0x11814fa0</value>
         <object_component_ref idref="oc-347"/>
      </symbol>
      <symbol id="sm-1464">
         <name>___add_dtor</name>
         <value>0x11816c80</value>
         <object_component_ref idref="oc-337"/>
      </symbol>
      <symbol id="sm-1470">
         <name>___TI_enable_exit_profile_output</name>
         <value>0x11825154</value>
         <object_component_ref idref="oc-21c"/>
      </symbol>
      <symbol id="sm-1471">
         <name>__cleanup_ptr</name>
         <value>0x1182514c</value>
         <object_component_ref idref="oc-21c"/>
      </symbol>
      <symbol id="sm-1472">
         <name>__dtors_ptr</name>
         <value>0x11825150</value>
         <object_component_ref idref="oc-21c"/>
      </symbol>
      <symbol id="sm-1480">
         <name>_atoi</name>
         <value>0x11815440</value>
         <object_component_ref idref="oc-312"/>
      </symbol>
      <symbol id="sm-1488">
         <name>__ctypes_</name>
         <value>0x11833178</value>
         <object_component_ref idref="oc-333"/>
      </symbol>
      <symbol id="sm-1494">
         <name>_cos</name>
         <value>0x11813da0</value>
         <object_component_ref idref="oc-224"/>
      </symbol>
      <symbol id="sm-1495">
         <name>_HPisDP</name>
         <value>0x11834dc8</value>
         <object_component_ref idref="oc-225"/>
      </symbol>
      <symbol id="sm-1496">
         <name>_cosdp</name>
         <value>0x11813da0</value>
         <object_component_ref idref="oc-224"/>
      </symbol>
      <symbol id="sm-149e">
         <name>_cossp</name>
         <value>0x11814b60</value>
         <object_component_ref idref="oc-229"/>
      </symbol>
      <symbol id="sm-149f">
         <name>_cosf</name>
         <value>0x11814b60</value>
         <object_component_ref idref="oc-229"/>
      </symbol>
      <symbol id="sm-14a9">
         <name>_errno</name>
         <value>0x11824f04</value>
         <object_component_ref idref="oc-22f"/>
      </symbol>
      <symbol id="sm-14bf">
         <name>_fmodf</name>
         <value>0x11811aa0</value>
         <object_component_ref idref="oc-2fb"/>
      </symbol>
      <symbol id="sm-14c9">
         <name>__truncf</name>
         <value>0x11816fe0</value>
         <object_component_ref idref="oc-326"/>
      </symbol>
      <symbol id="sm-14d8">
         <name>_frexpf</name>
         <value>0x11815600</value>
         <object_component_ref idref="oc-324"/>
      </symbol>
      <symbol id="sm-14e6">
         <name>_ldexpf</name>
         <value>0x11814a40</value>
         <object_component_ref idref="oc-325"/>
      </symbol>
      <symbol id="sm-14ee">
         <name>_memcpy</name>
         <value>0x11816440</value>
         <object_component_ref idref="oc-2f4"/>
      </symbol>
      <symbol id="sm-14f9">
         <name>_memset</name>
         <value>0x118156e0</value>
         <object_component_ref idref="oc-2ff"/>
      </symbol>
      <symbol id="sm-1504">
         <name>_modff</name>
         <value>0x11816a40</value>
         <object_component_ref idref="oc-2fc"/>
      </symbol>
      <symbol id="sm-1519">
         <name>_printf</name>
         <value>0x118157c0</value>
         <object_component_ref idref="oc-321"/>
      </symbol>
      <symbol id="sm-1523">
         <name>__tmpnams</name>
         <value>0x118249b0</value>
         <object_component_ref idref="oc-24b"/>
      </symbol>
      <symbol id="sm-1524">
         <name>__ft_end</name>
         <value>0x11824af0</value>
         <object_component_ref idref="oc-24b"/>
      </symbol>
      <symbol id="sm-1525">
         <name>__ftable</name>
         <value>0x118247d0</value>
         <object_component_ref idref="oc-24b"/>
      </symbol>
      <symbol id="sm-162e">
         <name>__printfi</name>
         <value>0x1180ebe0</value>
         <object_component_ref idref="oc-330"/>
      </symbol>
      <symbol id="sm-1638">
         <name>___isinf</name>
         <value>0x11816cc0</value>
         <object_component_ref idref="oc-363"/>
      </symbol>
      <symbol id="sm-164e">
         <name>__subcull</name>
         <value>0x11816980</value>
         <object_component_ref idref="oc-36c"/>
      </symbol>
      <symbol id="sm-164f">
         <name>__divull</name>
         <value>0x118122a0</value>
         <object_component_ref idref="oc-35a"/>
      </symbol>
      <symbol id="sm-1650">
         <name>__remull</name>
         <value>0x11816920</value>
         <object_component_ref idref="oc-361"/>
      </symbol>
      <symbol id="sm-165d">
         <name>__fixdli</name>
         <value>0x118161c0</value>
         <object_component_ref idref="oc-377"/>
      </symbol>
      <symbol id="sm-1668">
         <name>__fltlid</name>
         <value>0x11816620</value>
         <object_component_ref idref="oc-379"/>
      </symbol>
      <symbol id="sm-1676">
         <name>__llshl</name>
         <value>0x118166a0</value>
         <object_component_ref idref="oc-36b"/>
      </symbol>
      <symbol id="sm-1677">
         <name>__llshru</name>
         <value>0x11816d40</value>
         <object_component_ref idref="oc-36d"/>
      </symbol>
      <symbol id="sm-1681">
         <name>__negll</name>
         <value>0x11816ee0</value>
         <object_component_ref idref="oc-35b"/>
      </symbol>
      <symbol id="sm-169c">
         <name>_putc</name>
         <value>0x11812bc0</value>
         <object_component_ref idref="oc-349"/>
      </symbol>
      <symbol id="sm-169d">
         <name>_fputc</name>
         <value>0x11812bc0</value>
         <object_component_ref idref="oc-349"/>
      </symbol>
      <symbol id="sm-16aa">
         <name>__doflush</name>
         <value>0x11815ba0</value>
         <object_component_ref idref="oc-358"/>
      </symbol>
      <symbol id="sm-16b9">
         <name>__wrt_ok</name>
         <value>0x11814ea0</value>
         <object_component_ref idref="oc-357"/>
      </symbol>
      <symbol id="sm-16db">
         <name>_fputs</name>
         <value>0x11810460</value>
         <object_component_ref idref="oc-348"/>
      </symbol>
      <symbol id="sm-16ec">
         <name>_fseek</name>
         <value>0x11814920</value>
         <object_component_ref idref="oc-369"/>
      </symbol>
      <symbol id="sm-1730">
         <name>_unlink</name>
         <value>0x11816820</value>
         <object_component_ref idref="oc-380"/>
      </symbol>
      <symbol id="sm-1731">
         <name>_lseek</name>
         <value>0x118163a0</value>
         <object_component_ref idref="oc-374"/>
      </symbol>
      <symbol id="sm-1732">
         <name>_close</name>
         <value>0x11815520</value>
         <object_component_ref idref="oc-37e"/>
      </symbol>
      <symbol id="sm-1733">
         <name>_write</name>
         <value>0x118164e0</value>
         <object_component_ref idref="oc-359"/>
      </symbol>
      <symbol id="sm-175c">
         <name>_HOSTopen</name>
         <value>0x118151a0</value>
         <object_component_ref idref="oc-2ed"/>
      </symbol>
      <symbol id="sm-175d">
         <name>_HOSTread</name>
         <value>0x11815280</value>
         <object_component_ref idref="oc-2ef"/>
      </symbol>
      <symbol id="sm-175e">
         <name>_HOSTrename</name>
         <value>0x11813c20</value>
         <object_component_ref idref="oc-2f3"/>
      </symbol>
      <symbol id="sm-175f">
         <name>_HOSTwrite</name>
         <value>0x11815960</value>
         <object_component_ref idref="oc-2f0"/>
      </symbol>
      <symbol id="sm-1760">
         <name>_HOSTlseek</name>
         <value>0x11814da0</value>
         <object_component_ref idref="oc-2f1"/>
      </symbol>
      <symbol id="sm-1761">
         <name>_HOSTunlink</name>
         <value>0x118158a0</value>
         <object_component_ref idref="oc-2f2"/>
      </symbol>
      <symbol id="sm-1762">
         <name>_HOSTclose</name>
         <value>0x11815ea0</value>
         <object_component_ref idref="oc-2ee"/>
      </symbol>
      <symbol id="sm-176f">
         <name>_ltoa</name>
         <value>0x11815d20</value>
         <object_component_ref idref="oc-378"/>
      </symbol>
      <symbol id="sm-177c">
         <name>_memccpy</name>
         <value>0x118169e0</value>
         <object_component_ref idref="oc-356"/>
      </symbol>
      <symbol id="sm-178c">
         <name>C$$IO$$</name>
         <value>0x11816c18</value>
         <object_component_ref idref="oc-31d"/>
      </symbol>
      <symbol id="sm-178d">
         <name>__CIOBUF_</name>
         <value>0x11834a00</value>
         <object_component_ref idref="oc-286"/>
      </symbol>
      <symbol id="sm-178e">
         <name>_readmsg</name>
         <value>0x118167a0</value>
         <object_component_ref idref="oc-31e"/>
      </symbol>
      <symbol id="sm-178f">
         <name>_writemsg</name>
         <value>0x11816bc0</value>
         <object_component_ref idref="oc-31d"/>
      </symbol>
      <symbol id="sm-17a6">
         <name>_setvbuf</name>
         <value>0x11812fe0</value>
         <object_component_ref idref="oc-36a"/>
      </symbol>
      <symbol id="sm-17b9">
         <name>__cleanup</name>
         <value>0x11815f40</value>
         <object_component_ref idref="oc-376"/>
      </symbol>
      <symbol id="sm-17cb">
         <name>__closefile</name>
         <value>0x118145c0</value>
         <object_component_ref idref="oc-37c"/>
      </symbol>
      <symbol id="sm-17e7">
         <name>_free</name>
         <value>0x118269e0</value>
         <object_component_ref idref="oc-375"/>
      </symbol>
      <symbol id="sm-17e8">
         <name>_calloc</name>
         <value>0x11826c0c</value>
         <object_component_ref idref="oc-375"/>
      </symbol>
      <symbol id="sm-17e9">
         <name>_memalign</name>
         <value>0x11826b48</value>
         <object_component_ref idref="oc-375"/>
      </symbol>
      <symbol id="sm-17ea">
         <name>_realloc</name>
         <value>0x11826a64</value>
         <object_component_ref idref="oc-375"/>
      </symbol>
      <symbol id="sm-17eb">
         <name>_malloc</name>
         <value>0x11826a04</value>
         <object_component_ref idref="oc-375"/>
      </symbol>
      <symbol id="sm-1802">
         <name>_MEM_alloc</name>
         <value>0x11827120</value>
         <object_component_ref idref="oc-37b"/>
      </symbol>
      <symbol id="sm-1814">
         <name>_MEM_free</name>
         <value>0x11827520</value>
         <object_component_ref idref="oc-37a"/>
      </symbol>
      <symbol id="sm-181f">
         <name>_SYS_error</name>
         <value>0x11829180</value>
         <object_component_ref idref="oc-37d"/>
      </symbol>
      <symbol id="sm-1829">
         <name>_remove</name>
         <value>0x11817020</value>
         <object_component_ref idref="oc-37f"/>
      </symbol>
      <symbol id="sm-1835">
         <name>_sin</name>
         <value>0x11813f38</value>
         <object_component_ref idref="oc-2a5"/>
      </symbol>
      <symbol id="sm-1836">
         <name>_sindp</name>
         <value>0x11813f38</value>
         <object_component_ref idref="oc-2a5"/>
      </symbol>
      <symbol id="sm-1837">
         <name>_HPisdp</name>
         <value>0x11834e28</value>
         <object_component_ref idref="oc-2a6"/>
      </symbol>
      <symbol id="sm-183f">
         <name>_sinf</name>
         <value>0x11814c94</value>
         <object_component_ref idref="oc-2aa"/>
      </symbol>
      <symbol id="sm-1840">
         <name>_sinsp</name>
         <value>0x11814c94</value>
         <object_component_ref idref="oc-2aa"/>
      </symbol>
      <symbol id="sm-1850">
         <name>_sprintf</name>
         <value>0x11816aa0</value>
         <object_component_ref idref="oc-305"/>
      </symbol>
      <symbol id="sm-1858">
         <name>_sqrtf</name>
         <value>0x11816580</value>
         <object_component_ref idref="oc-2b1"/>
      </symbol>
      <symbol id="sm-1859">
         <name>_sqrtsp</name>
         <value>0x11816580</value>
         <object_component_ref idref="oc-2b1"/>
      </symbol>
      <symbol id="sm-1873">
         <name>_sscanf</name>
         <value>0x11816b00</value>
         <object_component_ref idref="oc-304"/>
      </symbol>
      <symbol id="sm-194b">
         <name>__scanfi</name>
         <value>0x11809840</value>
         <object_component_ref idref="oc-32d"/>
      </symbol>
      <symbol id="sm-1970">
         <name>_strtod</name>
         <value>0x1180da60</value>
         <object_component_ref idref="oc-350"/>
      </symbol>
      <symbol id="sm-1988">
         <name>_strtol</name>
         <value>0x1180dec0</value>
         <object_component_ref idref="oc-352"/>
      </symbol>
      <symbol id="sm-19ad">
         <name>_strtold</name>
         <value>0x1180e320</value>
         <object_component_ref idref="oc-351"/>
      </symbol>
      <symbol id="sm-19c8">
         <name>_strtoll</name>
         <value>0x1180e780</value>
         <object_component_ref idref="oc-353"/>
      </symbol>
      <symbol id="sm-19e0">
         <name>_strtoul</name>
         <value>0x1180f460</value>
         <object_component_ref idref="oc-34e"/>
      </symbol>
      <symbol id="sm-19fc">
         <name>_strtoull</name>
         <value>0x1180f860</value>
         <object_component_ref idref="oc-34f"/>
      </symbol>
      <symbol id="sm-1a0c">
         <name>_vsprintf</name>
         <value>0x11816b60</value>
         <object_component_ref idref="oc-328"/>
      </symbol>
   </symbol_table>
</link_info>
